go: downloading github.com/ethereum/go-ethereum v1.13.5
go: downloading golang.org/x/crypto v0.14.0
go: downloading github.com/btcsuite/btcd/btcec/v2 v2.2.0
go: downloading github.com/go-stack/stack v1.8.1
go: downloading github.com/holiman/uint256 v1.2.3
go: downloading golang.org/x/exp v0.0.0-20230905200255-921286631fa9
go: downloading github.com/davecgh/go-spew v1.1.1
go: downloading golang.org/x/sys v0.13.0
go: downloading github.com/decred/dcrd/dcrec/secp256k1/v4 v4.0.1
go: downloading github.com/shirou/gopsutil v3.21.4-0.20210419000835-c7a38de76ee5+incompatible
go: downloading github.com/stretchr/testify v1.8.4
go: downloading github.com/syndtr/goleveldb v1.0.1-0.20210819022825-2ae1ddf74ef7
go: downloading github.com/huin/goupnp v1.3.0
go: downloading github.com/jackpal/go-nat-pmp v1.0.2
go: downloading github.com/golang/snappy v0.0.5-0.20220116011046-fa5810519dcb
go: downloading github.com/StackExchange/wmi v1.2.1
go: downloading github.com/tklauser/go-sysconf v0.3.12
go: downloading github.com/pmezard/go-difflib v1.0.0
go: downloading gopkg.in/yaml.v3 v3.0.1
go: downloading golang.org/x/sync v0.3.0
go: downloading github.com/tklauser/numcpus v0.6.1
go: downloading github.com/go-ole/go-ole v1.2.5
go: downloading github.com/btcsuite/btcd/chaincfg/chainhash v1.0.1
go: downloading github.com/decred/dcrd/crypto/blake256 v1.0.0
go: downloading github.com/onsi/ginkgo v1.14.0
go: downloading github.com/onsi/gomega v1.10.1
go: downloading golang.org/x/net v0.17.0
go: downloading golang.org/x/xerrors v0.0.0-20200804184101-5ec99f83aff1
go: downloading gopkg.in/yaml.v2 v2.4.0
go: downloading github.com/nxadm/tail v1.4.4
go: downloading gopkg.in/tomb.v1 v1.0.0-20141024135613-dd632973f1e7
go: downloading github.com/fsnotify/fsnotify v1.6.0
go: downloading golang.org/x/text v0.13.0
