Collecting aiohttp==3.9.1 (from -r /workspaces/reth-bsc/poc-attack/node-deploy/requirements.txt (line 1))
  Downloading aiohttp-3.9.1-cp312-cp312-manylinux_2_17_x86_64.manylinux2014_x86_64.whl.metadata (7.4 kB)
Collecting aiosignal==1.3.1 (from -r /workspaces/reth-bsc/poc-attack/node-deploy/requirements.txt (line 2))
  Downloading aiosignal-1.3.1-py3-none-any.whl.metadata (4.0 kB)
Collecting async-timeout==4.0.3 (from -r /workspaces/reth-bsc/poc-attack/node-deploy/requirements.txt (line 3))
  Downloading async_timeout-4.0.3-py3-none-any.whl.metadata (4.2 kB)
Collecting attrs==23.1.0 (from -r /workspaces/reth-bsc/poc-attack/node-deploy/requirements.txt (line 4))
  Downloading attrs-23.1.0-py3-none-any.whl.metadata (11 kB)
Collecting bitarray==2.8.4 (from -r /workspaces/reth-bsc/poc-attack/node-deploy/requirements.txt (line 5))
  Downloading bitarray-2.8.4-cp312-cp312-manylinux_2_17_x86_64.manylinux2014_x86_64.whl.metadata (33 kB)
Collecting certifi==2023.11.17 (from -r /workspaces/reth-bsc/poc-attack/node-deploy/requirements.txt (line 6))
  Downloading certifi-2023.11.17-py3-none-any.whl.metadata (2.2 kB)
Collecting charset-normalizer==3.3.2 (from -r /workspaces/reth-bsc/poc-attack/node-deploy/requirements.txt (line 7))
  Downloading charset_normalizer-3.3.2-cp312-cp312-manylinux_2_17_x86_64.manylinux2014_x86_64.whl.metadata (33 kB)
Collecting click==8.1.7 (from -r /workspaces/reth-bsc/poc-attack/node-deploy/requirements.txt (line 8))
  Downloading click-8.1.7-py3-none-any.whl.metadata (3.0 kB)
Requirement already satisfied: colorama==0.4.6 in /home/codespace/.local/lib/python3.12/site-packages (from -r /workspaces/reth-bsc/poc-attack/node-deploy/requirements.txt (line 9)) (0.4.6)
Collecting cytoolz==0.12.2 (from -r /workspaces/reth-bsc/poc-attack/node-deploy/requirements.txt (line 10))
  Downloading cytoolz-0.12.2.tar.gz (601 kB)
     ━━━━━━━━━━━━━━━━━━━━━━━━━━━━━━━━━━━━━━ 601.5/601.5 kB 19.1 MB/s  0:00:00
  Installing build dependencies: started
  Installing build dependencies: finished with status 'done'
  Getting requirements to build wheel: started
  Getting requirements to build wheel: finished with status 'done'
  Preparing metadata (pyproject.toml): started
  Preparing metadata (pyproject.toml): finished with status 'done'
Collecting docopt==0.6.2 (from -r /workspaces/reth-bsc/poc-attack/node-deploy/requirements.txt (line 11))
  Downloading docopt-0.6.2.tar.gz (25 kB)
  Installing build dependencies: started
  Installing build dependencies: finished with status 'done'
  Getting requirements to build wheel: started
  Getting requirements to build wheel: finished with status 'done'
  Preparing metadata (pyproject.toml): started
  Preparing metadata (pyproject.toml): finished with status 'done'
Collecting eth-abi==4.2.1 (from -r /workspaces/reth-bsc/poc-attack/node-deploy/requirements.txt (line 12))
  Downloading eth_abi-4.2.1-py3-none-any.whl.metadata (5.2 kB)
Collecting eth-account==0.10.0 (from -r /workspaces/reth-bsc/poc-attack/node-deploy/requirements.txt (line 13))
  Downloading eth_account-0.10.0-py3-none-any.whl.metadata (5.4 kB)
Collecting eth-hash==0.5.2 (from -r /workspaces/reth-bsc/poc-attack/node-deploy/requirements.txt (line 14))
  Downloading eth_hash-0.5.2-py3-none-any.whl.metadata (5.8 kB)
Collecting eth-keyfile==0.7.0 (from -r /workspaces/reth-bsc/poc-attack/node-deploy/requirements.txt (line 15))
  Downloading eth_keyfile-0.7.0-py3-none-any.whl.metadata (8.5 kB)
Collecting eth-keys==0.4.0 (from -r /workspaces/reth-bsc/poc-attack/node-deploy/requirements.txt (line 16))
  Downloading eth_keys-0.4.0-py3-none-any.whl.metadata (12 kB)
Collecting eth-rlp==1.0.0 (from -r /workspaces/reth-bsc/poc-attack/node-deploy/requirements.txt (line 17))
  Downloading eth_rlp-1.0.0-py3-none-any.whl.metadata (4.5 kB)
Collecting eth-typing==3.5.2 (from -r /workspaces/reth-bsc/poc-attack/node-deploy/requirements.txt (line 18))
  Downloading eth_typing-3.5.2-py3-none-any.whl.metadata (5.5 kB)
Collecting eth-utils==2.3.1 (from -r /workspaces/reth-bsc/poc-attack/node-deploy/requirements.txt (line 19))
  Downloading eth_utils-2.3.1-py3-none-any.whl.metadata (5.6 kB)
Collecting frozenlist==1.4.0 (from -r /workspaces/reth-bsc/poc-attack/node-deploy/requirements.txt (line 20))
  Downloading frozenlist-1.4.0.tar.gz (90 kB)
  Installing build dependencies: started
  Installing build dependencies: finished with status 'done'
  Getting requirements to build wheel: started
  Getting requirements to build wheel: finished with status 'done'
  Preparing metadata (pyproject.toml): started
  Preparing metadata (pyproject.toml): finished with status 'done'
Collecting hexbytes==0.3.1 (from -r /workspaces/reth-bsc/poc-attack/node-deploy/requirements.txt (line 21))
  Downloading hexbytes-0.3.1-py3-none-any.whl.metadata (5.5 kB)
Collecting idna==3.6 (from -r /workspaces/reth-bsc/poc-attack/node-deploy/requirements.txt (line 22))
  Downloading idna-3.6-py3-none-any.whl.metadata (9.9 kB)
Collecting importlib-metadata==7.0.0 (from -r /workspaces/reth-bsc/poc-attack/node-deploy/requirements.txt (line 23))
  Downloading importlib_metadata-7.0.0-py3-none-any.whl.metadata (4.9 kB)
Collecting importlib-resources==6.1.1 (from -r /workspaces/reth-bsc/poc-attack/node-deploy/requirements.txt (line 24))
  Downloading importlib_resources-6.1.1-py3-none-any.whl.metadata (4.1 kB)
Collecting Jinja2==3.1.2 (from -r /workspaces/reth-bsc/poc-attack/node-deploy/requirements.txt (line 25))
  Downloading Jinja2-3.1.2-py3-none-any.whl.metadata (3.5 kB)
Collecting jsonschema==4.20.0 (from -r /workspaces/reth-bsc/poc-attack/node-deploy/requirements.txt (line 26))
  Downloading jsonschema-4.20.0-py3-none-any.whl.metadata (8.1 kB)
Collecting jsonschema-specifications==2023.11.2 (from -r /workspaces/reth-bsc/poc-attack/node-deploy/requirements.txt (line 27))
  Downloading jsonschema_specifications-2023.11.2-py3-none-any.whl.metadata (3.0 kB)
Collecting lru-dict==1.2.0 (from -r /workspaces/reth-bsc/poc-attack/node-deploy/requirements.txt (line 28))
  Downloading lru-dict-1.2.0.tar.gz (10 kB)
  Installing build dependencies: started
  Installing build dependencies: finished with status 'done'
  Getting requirements to build wheel: started
  Getting requirements to build wheel: finished with status 'done'
  Preparing metadata (pyproject.toml): started
  Preparing metadata (pyproject.toml): finished with status 'done'
Collecting markdown-it-py==3.0.0 (from -r /workspaces/reth-bsc/poc-attack/node-deploy/requirements.txt (line 29))
  Downloading markdown_it_py-3.0.0-py3-none-any.whl.metadata (6.9 kB)
Collecting MarkupSafe==2.1.3 (from -r /workspaces/reth-bsc/poc-attack/node-deploy/requirements.txt (line 30))
  Downloading MarkupSafe-2.1.3-cp312-cp312-manylinux_2_17_x86_64.manylinux2014_x86_64.whl.metadata (2.9 kB)
Collecting mdurl==0.1.2 (from -r /workspaces/reth-bsc/poc-attack/node-deploy/requirements.txt (line 31))
  Downloading mdurl-0.1.2-py3-none-any.whl.metadata (1.6 kB)
Collecting multidict==6.0.4 (from -r /workspaces/reth-bsc/poc-attack/node-deploy/requirements.txt (line 32))
  Downloading multidict-6.0.4.tar.gz (51 kB)
  Installing build dependencies: started
  Installing build dependencies: finished with status 'done'
  Getting requirements to build wheel: started
  Getting requirements to build wheel: finished with status 'done'
  Preparing metadata (pyproject.toml): started
  Preparing metadata (pyproject.toml): finished with status 'done'
Collecting parsimonious==0.9.0 (from -r /workspaces/reth-bsc/poc-attack/node-deploy/requirements.txt (line 33))
  Downloading parsimonious-0.9.0.tar.gz (48 kB)
  Installing build dependencies: started
  Installing build dependencies: finished with status 'done'
  Getting requirements to build wheel: started
  Getting requirements to build wheel: finished with status 'done'
  Preparing metadata (pyproject.toml): started
  Preparing metadata (pyproject.toml): finished with status 'done'
Collecting pipreqs==0.4.13 (from -r /workspaces/reth-bsc/poc-attack/node-deploy/requirements.txt (line 34))
  Downloading pipreqs-0.4.13-py2.py3-none-any.whl.metadata (7.4 kB)
Collecting pkgutil_resolve_name==1.3.10 (from -r /workspaces/reth-bsc/poc-attack/node-deploy/requirements.txt (line 35))
  Downloading pkgutil_resolve_name-1.3.10-py3-none-any.whl.metadata (624 bytes)
Collecting platformdirs==4.1.0 (from -r /workspaces/reth-bsc/poc-attack/node-deploy/requirements.txt (line 36))
  Downloading platformdirs-4.1.0-py3-none-any.whl.metadata (11 kB)
Collecting protobuf==4.25.1 (from -r /workspaces/reth-bsc/poc-attack/node-deploy/requirements.txt (line 37))
  Downloading protobuf-4.25.1-cp37-abi3-manylinux2014_x86_64.whl.metadata (541 bytes)
Collecting pycryptodome==3.19.0 (from -r /workspaces/reth-bsc/poc-attack/node-deploy/requirements.txt (line 38))
  Downloading pycryptodome-3.19.0-cp35-abi3-manylinux_2_17_x86_64.manylinux2014_x86_64.whl.metadata (3.4 kB)
Collecting Pygments==2.17.2 (from -r /workspaces/reth-bsc/poc-attack/node-deploy/requirements.txt (line 39))
  Downloading pygments-2.17.2-py3-none-any.whl.metadata (2.6 kB)
Collecting python-dotenv==1.0.0 (from -r /workspaces/reth-bsc/poc-attack/node-deploy/requirements.txt (line 40))
  Downloading python_dotenv-1.0.0-py3-none-any.whl.metadata (21 kB)
Collecting pyunormalize==15.1.0 (from -r /workspaces/reth-bsc/poc-attack/node-deploy/requirements.txt (line 41))
  Downloading pyunormalize-15.1.0.tar.gz (515 kB)
  Installing build dependencies: started
  Installing build dependencies: finished with status 'done'
  Getting requirements to build wheel: started
  Getting requirements to build wheel: finished with status 'done'
  Preparing metadata (pyproject.toml): started
  Preparing metadata (pyproject.toml): finished with status 'done'
Collecting referencing==0.31.1 (from -r /workspaces/reth-bsc/poc-attack/node-deploy/requirements.txt (line 42))
  Downloading referencing-0.31.1-py3-none-any.whl.metadata (2.7 kB)
Collecting regex==2023.10.3 (from -r /workspaces/reth-bsc/poc-attack/node-deploy/requirements.txt (line 43))
  Downloading regex-2023.10.3-cp312-cp312-manylinux_2_17_x86_64.manylinux2014_x86_64.whl.metadata (40 kB)
Collecting requests==2.31.0 (from -r /workspaces/reth-bsc/poc-attack/node-deploy/requirements.txt (line 44))
  Downloading requests-2.31.0-py3-none-any.whl.metadata (4.6 kB)
Collecting rich==13.7.0 (from -r /workspaces/reth-bsc/poc-attack/node-deploy/requirements.txt (line 45))
  Downloading rich-13.7.0-py3-none-any.whl.metadata (18 kB)
Collecting rlp==4.0.0 (from -r /workspaces/reth-bsc/poc-attack/node-deploy/requirements.txt (line 46))
  Downloading rlp-4.0.0-py3-none-any.whl.metadata (4.4 kB)
Collecting rpds-py==0.13.2 (from -r /workspaces/reth-bsc/poc-attack/node-deploy/requirements.txt (line 47))
  Downloading rpds_py-0.13.2-cp312-cp312-manylinux_2_17_x86_64.manylinux2014_x86_64.whl.metadata (3.9 kB)
Collecting sh==2.0.6 (from -r /workspaces/reth-bsc/poc-attack/node-deploy/requirements.txt (line 48))
  Downloading sh-2.0.6-py3-none-any.whl.metadata (3.3 kB)
Requirement already satisfied: shellingham==1.5.4 in /home/codespace/.local/lib/python3.12/site-packages (from -r /workspaces/reth-bsc/poc-attack/node-deploy/requirements.txt (line 49)) (1.5.4)
Collecting tomli==2.0.1 (from -r /workspaces/reth-bsc/poc-attack/node-deploy/requirements.txt (line 50))
  Downloading tomli-2.0.1-py3-none-any.whl.metadata (8.9 kB)
Collecting toolz==0.12.0 (from -r /workspaces/reth-bsc/poc-attack/node-deploy/requirements.txt (line 51))
  Downloading toolz-0.12.0-py3-none-any.whl.metadata (5.1 kB)
Collecting typer==0.9.0 (from -r /workspaces/reth-bsc/poc-attack/node-deploy/requirements.txt (line 52))
  Downloading typer-0.9.0-py3-none-any.whl.metadata (14 kB)
Collecting typing_extensions==4.8.0 (from -r /workspaces/reth-bsc/poc-attack/node-deploy/requirements.txt (line 53))
  Downloading typing_extensions-4.8.0-py3-none-any.whl.metadata (3.0 kB)
Collecting urllib3==2.1.0 (from -r /workspaces/reth-bsc/poc-attack/node-deploy/requirements.txt (line 54))
  Downloading urllib3-2.1.0-py3-none-any.whl.metadata (6.4 kB)
Collecting web3==6.11.4 (from -r /workspaces/reth-bsc/poc-attack/node-deploy/requirements.txt (line 55))
  Downloading web3-6.11.4-py3-none-any.whl.metadata (4.9 kB)
Collecting websockets==12.0 (from -r /workspaces/reth-bsc/poc-attack/node-deploy/requirements.txt (line 56))
  Downloading websockets-12.0-cp312-cp312-manylinux_2_5_x86_64.manylinux1_x86_64.manylinux_2_17_x86_64.manylinux2014_x86_64.whl.metadata (6.6 kB)
Collecting yapf==0.40.2 (from -r /workspaces/reth-bsc/poc-attack/node-deploy/requirements.txt (line 57))
  Downloading yapf-0.40.2-py3-none-any.whl.metadata (45 kB)
Collecting yarg==0.1.9 (from -r /workspaces/reth-bsc/poc-attack/node-deploy/requirements.txt (line 58))
  Downloading yarg-0.1.9-py2.py3-none-any.whl.metadata (4.6 kB)
Collecting yarl==1.9.4 (from -r /workspaces/reth-bsc/poc-attack/node-deploy/requirements.txt (line 59))
  Downloading yarl-1.9.4-cp312-cp312-manylinux_2_17_x86_64.manylinux2014_x86_64.whl.metadata (31 kB)
Collecting zipp==3.17.0 (from -r /workspaces/reth-bsc/poc-attack/node-deploy/requirements.txt (line 60))
  Downloading zipp-3.17.0-py3-none-any.whl.metadata (3.7 kB)
WARNING: The candidate selected for download or install is a yanked version: 'eth-rlp' candidate (version 1.0.0 at https://files.pythonhosted.org/packages/c3/e3/3692a395b6394884eeb21e3a1032fc5666b86a9fbe3d5834ed17dc4b7a1c/eth_rlp-1.0.0-py3-none-any.whl (from https://pypi.org/simple/eth-rlp/) (requires-python:>=3.8, <4))
Reason for being yanked: Missing typing_extension dependency for Python versions <3.11
Downloading aiohttp-3.9.1-cp312-cp312-manylinux_2_17_x86_64.manylinux2014_x86_64.whl (1.3 MB)
   ━━━━━━━━━━━━━━━━━━━━━━━━━━━━━━━━━━━━━━━━ 1.3/1.3 MB 28.2 MB/s  0:00:00
Downloading yarl-1.9.4-cp312-cp312-manylinux_2_17_x86_64.manylinux2014_x86_64.whl (322 kB)
Downloading aiosignal-1.3.1-py3-none-any.whl (7.6 kB)
Downloading async_timeout-4.0.3-py3-none-any.whl (5.7 kB)
Downloading attrs-23.1.0-py3-none-any.whl (61 kB)
Downloading bitarray-2.8.4-cp312-cp312-manylinux_2_17_x86_64.manylinux2014_x86_64.whl (294 kB)
Downloading certifi-2023.11.17-py3-none-any.whl (162 kB)
Downloading charset_normalizer-3.3.2-cp312-cp312-manylinux_2_17_x86_64.manylinux2014_x86_64.whl (141 kB)
Downloading click-8.1.7-py3-none-any.whl (97 kB)
Downloading eth_abi-4.2.1-py3-none-any.whl (28 kB)
Downloading eth_account-0.10.0-py3-none-any.whl (109 kB)
Downloading hexbytes-0.3.1-py3-none-any.whl (5.9 kB)
Downloading eth_hash-0.5.2-py3-none-any.whl (8.6 kB)
Downloading eth_keyfile-0.7.0-py3-none-any.whl (7.4 kB)
Downloading pycryptodome-3.19.0-cp35-abi3-manylinux_2_17_x86_64.manylinux2014_x86_64.whl (2.1 MB)
   ━━━━━━━━━━━━━━━━━━━━━━━━━━━━━━━━━━━━━━━━ 2.1/2.1 MB 33.0 MB/s  0:00:00
Downloading eth_keys-0.4.0-py3-none-any.whl (21 kB)
Downloading eth_typing-3.5.2-py3-none-any.whl (14 kB)
Downloading eth_utils-2.3.1-py3-none-any.whl (77 kB)
Downloading eth_rlp-1.0.0-py3-none-any.whl (4.9 kB)
Downloading idna-3.6-py3-none-any.whl (61 kB)
Downloading importlib_metadata-7.0.0-py3-none-any.whl (23 kB)
Downloading importlib_resources-6.1.1-py3-none-any.whl (33 kB)
Downloading Jinja2-3.1.2-py3-none-any.whl (133 kB)
Downloading jsonschema-4.20.0-py3-none-any.whl (84 kB)
Downloading jsonschema_specifications-2023.11.2-py3-none-any.whl (17 kB)
Downloading markdown_it_py-3.0.0-py3-none-any.whl (87 kB)
Downloading mdurl-0.1.2-py3-none-any.whl (10.0 kB)
Downloading MarkupSafe-2.1.3-cp312-cp312-manylinux_2_17_x86_64.manylinux2014_x86_64.whl (28 kB)
Downloading pipreqs-0.4.13-py2.py3-none-any.whl (33 kB)
Downloading pkgutil_resolve_name-1.3.10-py3-none-any.whl (4.7 kB)
Downloading platformdirs-4.1.0-py3-none-any.whl (17 kB)
Downloading protobuf-4.25.1-cp37-abi3-manylinux2014_x86_64.whl (294 kB)
Downloading pygments-2.17.2-py3-none-any.whl (1.2 MB)
   ━━━━━━━━━━━━━━━━━━━━━━━━━━━━━━━━━━━━━━━━ 1.2/1.2 MB 29.8 MB/s  0:00:00
Downloading python_dotenv-1.0.0-py3-none-any.whl (19 kB)
Downloading referencing-0.31.1-py3-none-any.whl (25 kB)
Downloading regex-2023.10.3-cp312-cp312-manylinux_2_17_x86_64.manylinux2014_x86_64.whl (789 kB)
   ━━━━━━━━━━━━━━━━━━━━━━━━━━━━━━━━━━━━━━━━ 789.1/789.1 kB 24.7 MB/s  0:00:00
Downloading requests-2.31.0-py3-none-any.whl (62 kB)
Downloading urllib3-2.1.0-py3-none-any.whl (104 kB)
Downloading rich-13.7.0-py3-none-any.whl (240 kB)
Downloading rlp-4.0.0-py3-none-any.whl (20 kB)
Downloading rpds_py-0.13.2-cp312-cp312-manylinux_2_17_x86_64.manylinux2014_x86_64.whl (1.2 MB)
   ━━━━━━━━━━━━━━━━━━━━━━━━━━━━━━━━━━━━━━━━ 1.2/1.2 MB 29.0 MB/s  0:00:00
Downloading sh-2.0.6-py3-none-any.whl (38 kB)
Downloading tomli-2.0.1-py3-none-any.whl (12 kB)
Downloading toolz-0.12.0-py3-none-any.whl (55 kB)
Downloading typer-0.9.0-py3-none-any.whl (45 kB)
Downloading typing_extensions-4.8.0-py3-none-any.whl (31 kB)
Downloading web3-6.11.4-py3-none-any.whl (1.6 MB)
   ━━━━━━━━━━━━━━━━━━━━━━━━━━━━━━━━━━━━━━━━ 1.6/1.6 MB 24.9 MB/s  0:00:00
Downloading websockets-12.0-cp312-cp312-manylinux_2_5_x86_64.manylinux1_x86_64.manylinux_2_17_x86_64.manylinux2014_x86_64.whl (131 kB)
Downloading yapf-0.40.2-py3-none-any.whl (254 kB)
Downloading yarg-0.1.9-py2.py3-none-any.whl (19 kB)
Downloading zipp-3.17.0-py3-none-any.whl (7.4 kB)
Building wheels for collected packages: multidict, cytoolz, docopt, parsimonious, frozenlist, lru-dict, pyunormalize
  Building wheel for multidict (pyproject.toml): started
  Building wheel for multidict (pyproject.toml): finished with status 'done'
  Created wheel for multidict: filename=multidict-6.0.4-cp312-cp312-linux_x86_64.whl size=117858 sha256=ec9e85e9b226403211843688efae2861dc1ef08b588384b5210e228dfc1fc622
  Stored in directory: /home/codespace/.cache/pip/wheels/f6/d8/ff/3c14a64b8f2ab1aa94ba2888f5a988be6ab446ec5c8d1a82da
  Building wheel for cytoolz (pyproject.toml): started
  Building wheel for cytoolz (pyproject.toml): finished with status 'done'
  Created wheel for cytoolz: filename=cytoolz-0.12.2-cp312-cp312-linux_x86_64.whl size=2298973 sha256=6c9592650415220c15c94b4479d857484e6b02bd2b740a67f754402cfe60a051
  Stored in directory: /home/codespace/.cache/pip/wheels/ed/d3/b8/9b960b344fc2b33f4f41d09a3dc5d748de91989f4fb641546c
  Building wheel for docopt (pyproject.toml): started
  Building wheel for docopt (pyproject.toml): finished with status 'done'
  Created wheel for docopt: filename=docopt-0.6.2-py2.py3-none-any.whl size=13783 sha256=c6a24be8be78499a97ae0b85df078b9aa7fd840c3e140ad46af8a023186b44a6
  Stored in directory: /home/codespace/.cache/pip/wheels/1a/bf/a1/4cee4f7678c68c5875ca89eaccf460593539805c3906722228
  Building wheel for parsimonious (pyproject.toml): started
  Building wheel for parsimonious (pyproject.toml): finished with status 'done'
  Created wheel for parsimonious: filename=parsimonious-0.9.0-py3-none-any.whl size=44377 sha256=fd452d5026ab653529bc932c65d3b98257289716f89e3c20493feda54982c047
  Stored in directory: /home/codespace/.cache/pip/wheels/83/de/47/e7f4d777272d7044e17868c7804f488944016ae93455053b14
  Building wheel for frozenlist (pyproject.toml): started
  Building wheel for frozenlist (pyproject.toml): finished with status 'done'
  Created wheel for frozenlist: filename=frozenlist-1.4.0-cp312-cp312-linux_x86_64.whl size=262183 sha256=3838cda9e5ae6a0b00a2f66aeb84a80102ede4f77025e5515415bbd4fd55d75f
  Stored in directory: /home/codespace/.cache/pip/wheels/f1/9c/94/9386cb0ea511a93226456388d41d35f1c24ba15a62ffd7b1ef
  Building wheel for lru-dict (pyproject.toml): started
  Building wheel for lru-dict (pyproject.toml): finished with status 'done'
  Created wheel for lru-dict: filename=lru_dict-1.2.0-cp312-cp312-linux_x86_64.whl size=30827 sha256=2571195388dd3451c576eb458792e5dfed4a56eafbffaaee1e1e4108af5fac6b
  Stored in directory: /home/codespace/.cache/pip/wheels/b6/28/14/52f33f2819c0f66e8c109a8a9267177ad02ecd8a47931d3d80
  Building wheel for pyunormalize (pyproject.toml): started
  Building wheel for pyunormalize (pyproject.toml): finished with status 'done'
  Created wheel for pyunormalize: filename=pyunormalize-15.1.0-py3-none-any.whl size=516123 sha256=9c25b1ff74bd14b5c2a57774582322b5f5f716fc799f9375ec51a5f536d5bcdb
  Stored in directory: /home/codespace/.cache/pip/wheels/2a/bd/bb/28798325f033d03157374640b90b54298b4145d04209618850
Successfully built multidict cytoolz docopt parsimonious frozenlist lru-dict pyunormalize
Installing collected packages: lru-dict, docopt, bitarray, zipp, websockets, urllib3, typing_extensions, toolz, tomli, sh, rpds-py, regex, pyunormalize, python-dotenv, Pygments, pycryptodome, protobuf, platformdirs, pkgutil_resolve_name, multidict, mdurl, MarkupSafe, importlib-resources, idna, hexbytes, frozenlist, eth-hash, click, charset-normalizer, certifi, attrs, async-timeout, yarl, typer, requests, referencing, parsimonious, markdown-it-py, Jinja2, importlib-metadata, eth-typing, cytoolz, aiosignal, yarg, yapf, rich, jsonschema-specifications, eth-utils, aiohttp, rlp, pipreqs, jsonschema, eth-keys, eth-abi, eth-rlp, eth-keyfile, eth-account, web3
  Attempting uninstall: urllib3
    Found existing installation: urllib3 2.6.3
    Uninstalling urllib3-2.6.3:
      Successfully uninstalled urllib3-2.6.3
  Attempting uninstall: typing_extensions
    Found existing installation: typing_extensions 4.15.0
    Uninstalling typing_extensions-4.15.0:
      Successfully uninstalled typing_extensions-4.15.0
  Attempting uninstall: rpds-py
    Found existing installation: rpds-py 0.30.0
    Uninstalling rpds-py-0.30.0:
      Successfully uninstalled rpds-py-0.30.0
  Attempting uninstall: Pygments
    Found existing installation: Pygments 2.19.2
    Uninstalling Pygments-2.19.2:
      Successfully uninstalled Pygments-2.19.2
  Attempting uninstall: platformdirs
    Found existing installation: platformdirs 4.9.4
    Uninstalling platformdirs-4.9.4:
      Successfully uninstalled platformdirs-4.9.4
  Attempting uninstall: MarkupSafe
    Found existing installation: MarkupSafe 3.0.3
    Uninstalling MarkupSafe-3.0.3:
      Successfully uninstalled MarkupSafe-3.0.3
  Attempting uninstall: idna
    Found existing installation: idna 3.11
    Uninstalling idna-3.11:
      Successfully uninstalled idna-3.11
  Attempting uninstall: charset-normalizer
    Found existing installation: charset-normalizer 3.4.5
    Uninstalling charset-normalizer-3.4.5:
      Successfully uninstalled charset-normalizer-3.4.5
  Attempting uninstall: certifi
    Found existing installation: certifi 2026.2.25
    Uninstalling certifi-2026.2.25:
      Successfully uninstalled certifi-2026.2.25
  Attempting uninstall: attrs
    Found existing installation: attrs 25.4.0
    Uninstalling attrs-25.4.0:
      Successfully uninstalled attrs-25.4.0
  Attempting uninstall: requests
    Found existing installation: requests 2.32.5
    Uninstalling requests-2.32.5:
      Successfully uninstalled requests-2.32.5
  Attempting uninstall: referencing
    Found existing installation: referencing 0.37.0
    Uninstalling referencing-0.37.0:
      Successfully uninstalled referencing-0.37.0
  Attempting uninstall: Jinja2
    Found existing installation: Jinja2 3.1.6
    Uninstalling Jinja2-3.1.6:
      Successfully uninstalled Jinja2-3.1.6
  Attempting uninstall: jsonschema-specifications
    Found existing installation: jsonschema-specifications 2025.9.1
    Uninstalling jsonschema-specifications-2025.9.1:
      Successfully uninstalled jsonschema-specifications-2025.9.1
  Attempting uninstall: jsonschema
    Found existing installation: jsonschema 4.26.0
    Uninstalling jsonschema-4.26.0:
      Successfully uninstalled jsonschema-4.26.0

ERROR: pip's dependency resolver does not currently take into account all the packages that are installed. This behaviour is the source of the following dependency conflicts.
dulwich 1.2.13 requires urllib3>=2.2.2, but you have urllib3 2.1.0 which is incompatible.
findpython 0.8.0 requires platformdirs>=4.3.6, but you have platformdirs 4.1.0 which is incompatible.
Successfully installed Jinja2-3.1.2 MarkupSafe-2.1.3 Pygments-2.17.2 aiohttp-3.9.1 aiosignal-1.3.1 async-timeout-4.0.3 attrs-23.1.0 bitarray-2.8.4 certifi-2023.11.17 charset-normalizer-3.3.2 click-8.1.7 cytoolz-0.12.2 docopt-0.6.2 eth-abi-4.2.1 eth-account-0.10.0 eth-hash-0.5.2 eth-keyfile-0.7.0 eth-keys-0.4.0 eth-rlp-1.0.0 eth-typing-3.5.2 eth-utils-2.3.1 frozenlist-1.4.0 hexbytes-0.3.1 idna-3.6 importlib-metadata-7.0.0 importlib-resources-6.1.1 jsonschema-4.20.0 jsonschema-specifications-2023.11.2 lru-dict-1.2.0 markdown-it-py-3.0.0 mdurl-0.1.2 multidict-6.0.4 parsimonious-0.9.0 pipreqs-0.4.13 pkgutil_resolve_name-1.3.10 platformdirs-4.1.0 protobuf-4.25.1 pycryptodome-3.19.0 python-dotenv-1.0.0 pyunormalize-15.1.0 referencing-0.31.1 regex-2023.10.3 requests-2.31.0 rich-13.7.0 rlp-4.0.0 rpds-py-0.13.2 sh-2.0.6 tomli-2.0.1 toolz-0.12.0 typer-0.9.0 typing_extensions-4.8.0 urllib3-2.1.0 web3-6.11.4 websockets-12.0 yapf-0.40.2 yarg-0.1.9 yarl-1.9.4 zipp-3.17.0

[notice] A new release of pip is available: 26.0.1 -> 26.2.1
[notice] To update, run: python3 -m pip install --upgrade pip
go: downloading github.com/ethereum/go-ethereum v1.15.0
go: downloading github.com/prysmaticlabs/prysm/v5 v5.3.3
go: downloading golang.org/x/crypto v0.33.0
go: downloading github.com/deckarep/golang-set/v2 v2.6.0
go: downloading github.com/google/uuid v1.6.0
go: downloading github.com/holiman/uint256 v1.3.2
go: downloading github.com/ethereum/go-verkle v0.2.2
go: downloading google.golang.org/protobuf v1.36.3
go: downloading github.com/pkg/errors v0.9.1
go: downloading github.com/sirupsen/logrus v1.9.3
go: downloading github.com/urfave/cli/v2 v2.27.1
go: downloading github.com/gorilla/websocket v1.5.3
go: downloading golang.org/x/sys v0.30.0
go: downloading github.com/crate-crypto/go-kzg-4844 v1.1.0
go: downloading github.com/prysmaticlabs/fastssz v0.0.0-20241008181541-518c4ce73516
go: downloading github.com/prysmaticlabs/go-bitfield v0.0.0-20240328144219-a1caa50c3a1e
go: downloading google.golang.org/genproto v0.0.0-20230410155749-daa745c078e1
go: downloading google.golang.org/grpc v1.69.4
go: downloading github.com/go-playground/validator/v10 v10.13.0
go: downloading github.com/logrusorgru/aurora v2.0.3+incompatible
go: downloading github.com/prometheus/client_golang v1.20.0
go: downloading github.com/manifoldco/promptui v0.7.0
go: downloading github.com/tyler-smith/go-bip39 v1.1.0
go: downloading github.com/wealdtech/go-eth2-util v1.6.3
go: downloading github.com/k0kubun/go-ansi v0.0.0-20180517002512-3bf9e2903213
go: downloading github.com/schollz/progressbar/v3 v3.3.4
go: downloading github.com/wealdtech/go-eth2-wallet-encryptor-keystorev4 v1.1.3
go: downloading github.com/crate-crypto/go-ipa v0.0.0-20240724233137-53bbb0ceb27a
go: downloading golang.org/x/sync v0.11.0
go: downloading github.com/shirou/gopsutil v3.21.11+incompatible
go: downloading golang.org/x/exp v0.0.0-20240808152545-0cdaa3abc0fa
go: downloading github.com/cpuguy83/go-md2man/v2 v2.0.3
go: downloading github.com/xrash/smetrics v0.0.0-20201216005158-039620a65673
go: downloading github.com/thomaso-mirodin/intmath v0.0.0-20160323211736-5dc6d854e46e
go: downloading github.com/minio/sha256-simd v1.0.1
go: downloading github.com/mitchellh/mapstructure v1.4.1
go: downloading github.com/prysmaticlabs/gohashtree v0.0.4-beta.0.20240624100937-73632381301b
go: downloading golang.org/x/net v0.35.0
go: downloading github.com/go-playground/universal-translator v0.18.1
go: downloading github.com/leodido/go-urn v1.2.3
go: downloading golang.org/x/text v0.22.0
go: downloading go.opentelemetry.io/otel v1.34.0
go: downloading go.opentelemetry.io/otel/trace v1.34.0
go: downloading go.opentelemetry.io/contrib/instrumentation/net/http/otelhttp v0.59.0
go: downloading github.com/mohae/deepcopy v0.0.0-20170929034955-c48cc78d4826
go: downloading golang.org/x/term v0.29.0
go: downloading github.com/beorn7/perks v1.0.1
go: downloading github.com/cespare/xxhash/v2 v2.3.0
go: downloading github.com/prometheus/client_model v0.6.1
go: downloading github.com/prometheus/common v0.55.0
go: downloading github.com/prometheus/procfs v0.15.1
go: downloading github.com/chzyer/readline v1.5.1
go: downloading github.com/juju/ansiterm v0.0.0-20180109212912-720a0952cc2a
go: downloading github.com/wealdtech/go-bytesutil v1.1.1
go: downloading github.com/wealdtech/go-eth2-types/v2 v2.8.2
go: downloading github.com/aristanetworks/goarista v0.0.0-20200805130819-fd197cf57d96
go: downloading github.com/supranational/blst v0.3.14
go: downloading github.com/herumi/bls-eth-go-binary v1.31.0
go: downloading github.com/mattn/go-runewidth v0.0.15
go: downloading github.com/mitchellh/colorstring v0.0.0-20190213212951-d06e56a500db
go: downloading github.com/russross/blackfriday/v2 v2.1.0
go: downloading github.com/tklauser/go-sysconf v0.3.13
go: downloading github.com/klauspost/cpuid/v2 v2.2.8
go: downloading github.com/go-playground/locales v0.14.1
go: downloading github.com/go-logr/logr v1.4.2
go: downloading go.opentelemetry.io/otel/metric v1.34.0
go: downloading github.com/minio/highwayhash v1.0.2
go: downloading go.opentelemetry.io/otel/exporters/otlp/otlptrace/otlptracehttp v1.34.0
go: downloading go.opentelemetry.io/otel/sdk v1.34.0
go: downloading github.com/felixge/httpsnoop v1.0.4
go: downloading github.com/munnerz/goautoneg v0.0.0-20191010083416-a7dc8b61c822
go: downloading github.com/consensys/gnark-crypto v0.14.0
go: downloading go.opentelemetry.io/otel/exporters/otlp/otlptrace v1.34.0
go: downloading github.com/mattn/go-colorable v0.1.13
go: downloading github.com/mattn/go-isatty v0.0.20
go: downloading github.com/ferranbt/fastssz v0.1.3
go: downloading github.com/rivo/uniseg v0.4.7
go: downloading github.com/tklauser/numcpus v0.7.0
go: downloading github.com/go-logr/stdr v1.2.2
go: downloading go.opentelemetry.io/auto/sdk v1.1.0
go: downloading go.opentelemetry.io/proto/otlp v1.5.0
go: downloading github.com/BurntSushi/toml v1.4.1-0.20240526193622-a339e1f7089c
go: downloading github.com/gofrs/flock v0.8.1
go: downloading github.com/golang/snappy v0.0.5-0.20231225225746-43d5d4cd4e0e
go: downloading github.com/olekukonko/tablewriter v0.0.5
go: downloading github.com/VictoriaMetrics/fastcache v1.12.2
go: downloading github.com/holiman/bloomfilter/v2 v2.0.3
go: downloading github.com/hashicorp/golang-lru v0.5.5-0.20210104140557-80c98217689d
go: downloading github.com/patrickmn/go-cache v2.1.0+incompatible
go: downloading k8s.io/client-go v0.30.4
go: downloading github.com/lunixbochs/vtclean v1.0.0
go: downloading github.com/bits-and-blooms/bitset v1.17.0
go: downloading github.com/cenkalti/backoff/v4 v4.3.0
go: downloading github.com/grpc-ecosystem/grpc-gateway/v2 v2.25.1
go: downloading github.com/consensys/bavard v0.1.22
go: downloading github.com/mmcloughlin/addchain v0.4.0
go: downloading rsc.io/tmplfunc v0.0.3
go: downloading k8s.io/apimachinery v0.30.4
go: downloading github.com/google/go-cmp v0.6.0
go: downloading k8s.io/klog/v2 v2.120.1
go: downloading k8s.io/utils v0.0.0-20230726121419-3b25d923346b
go: downloading github.com/gogo/protobuf v1.3.2
go: downloading sigs.k8s.io/structured-merge-diff/v4 v4.4.1
go: downloading github.com/google/gofuzz v1.2.0
go: downloading sigs.k8s.io/json v0.0.0-20221116044647-bc3834ca7abd
go: downloading github.com/json-iterator/go v1.1.12
go: downloading gopkg.in/inf.v0 v0.9.1
go: downloading golang.org/x/oauth2 v0.24.0
go: downloading golang.org/x/time v0.5.0
go: downloading github.com/modern-go/concurrent v0.0.0-20180306012644-bacd9c7ef1dd
go: downloading github.com/modern-go/reflect2 v1.0.2
go: downloading sigs.k8s.io/yaml v1.3.0
# create-validator
/usr/bin/ld: warning: static_code.o: missing .note.GNU-stack section implies executable stack
/usr/bin/ld: NOTE: This behaviour is deprecated and will be removed in a future version of the linker
