go version go1.26.1 linux/amd64
foundryup-init: installing latest foundryup
foundryup-init: downloading attestation...
foundryup-init: verifying attestation...
foundryup-init: downloading foundryup...
foundryup-init: verifying binary integrity...
foundryup-init: binary verified ✓
foundryup-init: installing foundryup to /home/codespace/.foundry/bin...
foundryup-init: 
foundryup-init: foundryup was installed successfully!
foundryup-init: 
foundryup-init: Run 'foundryup' to install Foundry.

.xOx.xOx.xOx.xOx.xOx.xOx.xOx.xOx.xOx.xOx.xOx.xOx.xOx.xOx.xOx.xOx.xOx.xOx

 ╔═╗ ╔═╗ ╦ ╦ ╔╗╔ ╔╦╗ ╦═╗ ╦ ╦         Portable and modular toolkit
 ╠╣  ║ ║ ║ ║ ║║║  ║║ ╠╦╝ ╚╦╝    for Ethereum Application Development
 ╚   ╚═╝ ╚═╝ ╝╚╝ ═╩╝ ╩╚═  ╩                 written in Rust.

.xOx.xOx.xOx.xOx.xOx.xOx.xOx.xOx.xOx.xOx.xOx.xOx.xOx.xOx.xOx.xOx.xOx.xOx

Repo       : https://github.com/foundry-rs/foundry
Book       : https://book.getfoundry.sh/
Chat       : https://t.me/foundry_rs/
Support    : https://t.me/foundry_support/
Contribute : https://github.com/foundry-rs/foundry/blob/HEAD/CONTRIBUTING.md

.xOx.xOx.xOx.xOx.xOx.xOx.xOx.xOx.xOx.xOx.xOx.xOx.xOx.xOx.xOx.xOx.xOx.xOx

foundryup: fetching latest release tag from foundry-rs/foundry...
foundryup: resolved release tag: v1.7.1
foundryup: installing foundry (version v1.7.1, tag v1.7.1)
foundryup: checking if forge, cast, anvil, chisel, solar for v1.7.1 version are already installed
foundryup: found attestation for v1.7.1 version, downloading attestation artifact, checking...
foundryup: binaries not found or do not match expected hashes, downloading new binaries
foundryup: downloading foundry_v1.7.1_linux_amd64.tar.gz
foundryup: verifying downloaded binaries against the attestation file
foundryup: forge verified ✓
foundryup: cast verified ✓
foundryup: anvil verified ✓
foundryup: chisel verified ✓
foundryup: downloading manpages
foundryup: use - forge 1.7.1 (4072e48705 2026-05-08T07:50:55.527285345Z)
foundryup: use - cast 1.7.1 (4072e48705 2026-05-08T07:50:55.527285345Z)
foundryup: use - anvil 1.7.1 (4072e48705 2026-05-08T07:50:55.527285345Z)
foundryup: use - chisel 1.7.1 (4072e48705 2026-05-08T07:50:55.527285345Z)
foundryup: done!
foundryup: foundryup is up to date.
Collecting poetry
  Downloading poetry-2.4.1-py3-none-any.whl.metadata (7.5 kB)
Collecting build<2.0.0,>=1.2.1 (from poetry)
  Downloading build-1.5.0-py3-none-any.whl.metadata (5.7 kB)
Collecting cachecontrol<0.15.0,>=0.14.0 (from cachecontrol[filecache]<0.15.0,>=0.14.0->poetry)
  Downloading cachecontrol-0.14.4-py3-none-any.whl.metadata (3.1 kB)
Collecting cleo<3.0.0,>=2.1.0 (from poetry)
  Downloading cleo-2.1.0-py3-none-any.whl.metadata (12 kB)
Collecting dulwich<2,>=0.25.0 (from poetry)
  Downloading dulwich-1.2.13-cp312-cp312-manylinux_2_28_x86_64.whl.metadata (6.0 kB)
Requirement already satisfied: fastjsonschema<3.0.0,>=2.18.0 in /home/codespace/.local/lib/python3.12/site-packages (from poetry) (2.21.2)
Collecting findpython<0.9.0,>=0.6.2 (from poetry)
  Downloading findpython-0.8.0-py3-none-any.whl.metadata (5.4 kB)
Collecting installer<2.0.0,>=0.7.0 (from poetry)
  Downloading installer-1.0.1-py3-none-any.whl.metadata (1.2 kB)
Collecting keyring<26.0.0,>=25.1.0 (from poetry)
  Downloading keyring-25.7.0-py3-none-any.whl.metadata (21 kB)
Requirement already satisfied: packaging>=24.2 in /home/codespace/.local/lib/python3.12/site-packages (from poetry) (26.0)
Collecting pbs-installer>=2025.6.10 (from pbs-installer[download,install]>=2025.6.10->poetry)
  Downloading pbs_installer-2026.8.25-py3-none-any.whl.metadata (1.2 kB)
Collecting pkginfo<2.0,>=1.12 (from poetry)
  Downloading pkginfo-1.12.1.2-py3-none-any.whl.metadata (13 kB)
Requirement already satisfied: platformdirs<5,>=3.0.0 in /home/codespace/.local/lib/python3.12/site-packages (from poetry) (4.9.4)
Collecting poetry-core==2.4.0 (from poetry)
  Downloading poetry_core-2.4.0-py3-none-any.whl.metadata (3.8 kB)
Collecting pyproject-hooks<2.0.0,>=1.0.0 (from poetry)
  Downloading pyproject_hooks-1.2.0-py3-none-any.whl.metadata (1.3 kB)
Requirement already satisfied: requests<3.0,>=2.26 in /home/codespace/.local/lib/python3.12/site-packages (from poetry) (2.32.5)
Collecting requests-toolbelt<2.0.0,>=1.0.0 (from poetry)
  Downloading requests_toolbelt-1.0.0-py2.py3-none-any.whl.metadata (14 kB)
Collecting shellingham<2.0,>=1.5 (from poetry)
  Downloading shellingham-1.5.4-py2.py3-none-any.whl.metadata (3.5 kB)
Collecting tomlkit<1.0.0,>=0.11.4 (from poetry)
  Downloading tomlkit-0.15.1-py3-none-any.whl.metadata (3.3 kB)
Collecting trove-classifiers>=2022.5.19 (from poetry)
  Downloading trove_classifiers-2026.6.1.19-py3-none-any.whl.metadata (2.3 kB)
Collecting virtualenv>=20.26.6 (from poetry)
  Downloading virtualenv-21.7.5-py3-none-any.whl.metadata (3.5 kB)
Collecting msgpack<2.0.0,>=0.5.2 (from cachecontrol<0.15.0,>=0.14.0->cachecontrol[filecache]<0.15.0,>=0.14.0->poetry)
  Downloading msgpack-1.2.1-cp312-cp312-manylinux2014_x86_64.manylinux_2_17_x86_64.manylinux_2_28_x86_64.whl.metadata (8.3 kB)
Collecting filelock>=3.8.0 (from cachecontrol[filecache]<0.15.0,>=0.14.0->poetry)
  Downloading filelock-3.32.4-py3-none-any.whl.metadata (2.0 kB)
Collecting crashtest<0.5.0,>=0.4.1 (from cleo<3.0.0,>=2.1.0->poetry)
  Downloading crashtest-0.4.1-py3-none-any.whl.metadata (1.1 kB)
Collecting rapidfuzz<4.0.0,>=3.0.0 (from cleo<3.0.0,>=2.1.0->poetry)
  Downloading rapidfuzz-3.14.5-cp312-cp312-manylinux_2_27_x86_64.manylinux_2_28_x86_64.whl.metadata (12 kB)
Requirement already satisfied: urllib3>=2.2.2 in /home/codespace/.local/lib/python3.12/site-packages (from dulwich<2,>=0.25.0->poetry) (2.6.3)
Collecting SecretStorage>=3.2 (from keyring<26.0.0,>=25.1.0->poetry)
  Downloading secretstorage-3.5.0-py3-none-any.whl.metadata (4.0 kB)
Collecting jeepney>=0.4.2 (from keyring<26.0.0,>=25.1.0->poetry)
  Downloading jeepney-0.9.0-py3-none-any.whl.metadata (1.2 kB)
Collecting jaraco.classes (from keyring<26.0.0,>=25.1.0->poetry)
  Downloading jaraco.classes-3.4.0-py3-none-any.whl.metadata (2.6 kB)
Collecting jaraco.functools (from keyring<26.0.0,>=25.1.0->poetry)
  Downloading jaraco_functools-4.6.0-py3-none-any.whl.metadata (2.9 kB)
Collecting jaraco.context (from keyring<26.0.0,>=25.1.0->poetry)
  Downloading jaraco_context-6.1.2-py3-none-any.whl.metadata (4.2 kB)
Requirement already satisfied: charset_normalizer<4,>=2 in /home/codespace/.local/lib/python3.12/site-packages (from requests<3.0,>=2.26->poetry) (3.4.5)
Requirement already satisfied: idna<4,>=2.5 in /home/codespace/.local/lib/python3.12/site-packages (from requests<3.0,>=2.26->poetry) (3.11)
Requirement already satisfied: certifi>=2017.4.17 in /home/codespace/.local/lib/python3.12/site-packages (from requests<3.0,>=2.26->poetry) (2026.2.25)
Requirement already satisfied: httpx<1,>=0.27.0 in /home/codespace/.local/lib/python3.12/site-packages (from pbs-installer[download,install]>=2025.6.10->poetry) (0.28.1)
Collecting backports.zstd>=1.0.0 (from pbs-installer[download,install]>=2025.6.10->poetry)
  Downloading backports_zstd-1.7.0-cp312-cp312-manylinux2014_x86_64.manylinux_2_17_x86_64.manylinux_2_28_x86_64.whl.metadata (6.8 kB)
Requirement already satisfied: anyio in /home/codespace/.local/lib/python3.12/site-packages (from httpx<1,>=0.27.0->pbs-installer[download,install]>=2025.6.10->poetry) (4.12.1)
Requirement already satisfied: httpcore==1.* in /home/codespace/.local/lib/python3.12/site-packages (from httpx<1,>=0.27.0->pbs-installer[download,install]>=2025.6.10->poetry) (1.0.9)
Requirement already satisfied: h11>=0.16 in /home/codespace/.local/lib/python3.12/site-packages (from httpcore==1.*->httpx<1,>=0.27.0->pbs-installer[download,install]>=2025.6.10->poetry) (0.16.0)
Collecting cryptography>=2.0 (from SecretStorage>=3.2->keyring<26.0.0,>=25.1.0->poetry)
  Downloading cryptography-50.0.1-cp311-abi3-manylinux_2_34_x86_64.whl.metadata (4.3 kB)
Requirement already satisfied: cffi>=2.0.0 in /home/codespace/.local/lib/python3.12/site-packages (from cryptography>=2.0->SecretStorage>=3.2->keyring<26.0.0,>=25.1.0->poetry) (2.0.0)
Requirement already satisfied: pycparser in /home/codespace/.local/lib/python3.12/site-packages (from cffi>=2.0.0->cryptography>=2.0->SecretStorage>=3.2->keyring<26.0.0,>=25.1.0->poetry) (3.0)
Collecting distlib<1,>=0.3.7 (from virtualenv>=20.26.6->poetry)
  Downloading distlib-0.4.3-py2.py3-none-any.whl.metadata (5.3 kB)
Collecting python-discovery>=1.4.2 (from virtualenv>=20.26.6->poetry)
  Downloading python_discovery-1.5.3-py3-none-any.whl.metadata (5.1 kB)
Requirement already satisfied: typing_extensions>=4.5 in /home/codespace/.local/lib/python3.12/site-packages (from anyio->httpx<1,>=0.27.0->pbs-installer[download,install]>=2025.6.10->poetry) (4.15.0)
Collecting more-itertools (from jaraco.classes->keyring<26.0.0,>=25.1.0->poetry)
  Downloading more_itertools-11.1.0-py3-none-any.whl.metadata (41 kB)
Downloading poetry-2.4.1-py3-none-any.whl (292 kB)
Downloading poetry_core-2.4.0-py3-none-any.whl (374 kB)
Downloading build-1.5.0-py3-none-any.whl (26 kB)
Downloading cachecontrol-0.14.4-py3-none-any.whl (22 kB)
Downloading cleo-2.1.0-py3-none-any.whl (78 kB)
Downloading crashtest-0.4.1-py3-none-any.whl (7.6 kB)
Downloading dulwich-1.2.13-cp312-cp312-manylinux_2_28_x86_64.whl (1.5 MB)
   ━━━━━━━━━━━━━━━━━━━━━━━━━━━━━━━━━━━━━━━━ 1.5/1.5 MB 35.5 MB/s  0:00:00
Downloading findpython-0.8.0-py3-none-any.whl (21 kB)
Downloading installer-1.0.1-py3-none-any.whl (464 kB)
Downloading keyring-25.7.0-py3-none-any.whl (39 kB)
Downloading msgpack-1.2.1-cp312-cp312-manylinux2014_x86_64.manylinux_2_17_x86_64.manylinux_2_28_x86_64.whl (419 kB)
Downloading pkginfo-1.12.1.2-py3-none-any.whl (32 kB)
Downloading pyproject_hooks-1.2.0-py3-none-any.whl (10 kB)
Downloading rapidfuzz-3.14.5-cp312-cp312-manylinux_2_27_x86_64.manylinux_2_28_x86_64.whl (3.1 MB)
   ━━━━━━━━━━━━━━━━━━━━━━━━━━━━━━━━━━━━━━━━ 3.1/3.1 MB 33.8 MB/s  0:00:00
Downloading requests_toolbelt-1.0.0-py2.py3-none-any.whl (54 kB)
Downloading shellingham-1.5.4-py2.py3-none-any.whl (9.8 kB)
Downloading tomlkit-0.15.1-py3-none-any.whl (49 kB)
Downloading filelock-3.32.4-py3-none-any.whl (99 kB)
Downloading jeepney-0.9.0-py3-none-any.whl (49 kB)
Downloading pbs_installer-2026.8.25-py3-none-any.whl (79 kB)
Downloading backports_zstd-1.7.0-cp312-cp312-manylinux2014_x86_64.manylinux_2_17_x86_64.manylinux_2_28_x86_64.whl (496 kB)
Downloading secretstorage-3.5.0-py3-none-any.whl (15 kB)
Downloading cryptography-50.0.1-cp311-abi3-manylinux_2_34_x86_64.whl (4.7 MB)
   ━━━━━━━━━━━━━━━━━━━━━━━━━━━━━━━━━━━━━━━━ 4.7/4.7 MB 32.2 MB/s  0:00:00
Downloading trove_classifiers-2026.6.1.19-py3-none-any.whl (14 kB)
Downloading virtualenv-21.7.5-py3-none-any.whl (5.3 MB)
   ━━━━━━━━━━━━━━━━━━━━━━━━━━━━━━━━━━━━━━━━ 5.3/5.3 MB 40.2 MB/s  0:00:00
Downloading distlib-0.4.3-py2.py3-none-any.whl (470 kB)
Downloading python_discovery-1.5.3-py3-none-any.whl (38 kB)
Downloading jaraco.classes-3.4.0-py3-none-any.whl (6.8 kB)
Downloading jaraco_context-6.1.2-py3-none-any.whl (7.9 kB)
Downloading jaraco_functools-4.6.0-py3-none-any.whl (11 kB)
Downloading more_itertools-11.1.0-py3-none-any.whl (72 kB)
Installing collected packages: trove-classifiers, distlib, tomlkit, shellingham, rapidfuzz, pyproject-hooks, poetry-core, pkginfo, pbs-installer, msgpack, more-itertools, jeepney, jaraco.context, installer, findpython, filelock, dulwich, crashtest, backports.zstd, requests-toolbelt, python-discovery, jaraco.functools, jaraco.classes, cryptography, cleo, cachecontrol, build, virtualenv, SecretStorage, keyring, poetry

Successfully installed SecretStorage-3.5.0 backports.zstd-1.7.0 build-1.5.0 cachecontrol-0.14.4 cleo-2.1.0 crashtest-0.4.1 cryptography-50.0.1 distlib-0.4.3 dulwich-1.2.13 filelock-3.32.4 findpython-0.8.0 installer-1.0.1 jaraco.classes-3.4.0 jaraco.context-6.1.2 jaraco.functools-4.6.0 jeepney-0.9.0 keyring-25.7.0 more-itertools-11.1.0 msgpack-1.2.1 pbs-installer-2026.8.25 pkginfo-1.12.1.2 poetry-2.4.1 poetry-core-2.4.0 pyproject-hooks-1.2.0 python-discovery-1.5.3 rapidfuzz-3.14.5 requests-toolbelt-1.0.0 shellingham-1.5.4 tomlkit-0.15.1 trove-classifiers-2026.6.1.19 virtualenv-21.7.5

[notice] A new release of pip is available: 26.0.1 -> 26.2.1
[notice] To update, run: python3 -m pip install --upgrade pip
